[INFO] Scanning for projects...
[INFO] 
[INFO] ------------------------< com.ecom:api-gateway >------------------------
[INFO] Building api-gateway 0.0.1-SNAPSHOT
[INFO]   from pom.xml
[INFO] --------------------------------[ jar ]---------------------------------
[INFO] 
[INFO] >>> spring-boot:3.2.4:run (default-cli) > test-compile @ api-gateway >>>
[INFO] 
[INFO] --- resources:3.3.1:resources (default-resources) @ api-gateway ---
[INFO] Copying 1 resource from src/main/resources to target/classes
[INFO] Copying 0 resource from src/main/resources to target/classes
[INFO] 
[INFO] --- compiler:3.11.0:compile (default-compile) @ api-gateway ---
[INFO] Nothing to compile - all classes are up to date
[INFO] 
[INFO] --- resources:3.3.1:testResources (default-testResources) @ api-gateway ---
[INFO] skip non existing resourceDirectory /Users/aman/ecom-order-system/api-gateway/src/test/resources
[INFO] 
[INFO] --- compiler:3.11.0:testCompile (default-testCompile) @ api-gateway ---
[INFO] No sources to compile
[INFO] 
[INFO] <<< spring-boot:3.2.4:run (default-cli) < test-compile @ api-gateway <<<
[INFO] 
[INFO] 
[INFO] --- spring-boot:3.2.4:run (default-cli) @ api-gateway ---
[INFO] Attaching agents: []

  .   ____          _            __ _ _
 /\\ / ___'_ __ _ _(_)_ __  __ _ \ \ \ \
( ( )\___ | '_ | '_| | '_ \/ _` | \ \ \ \
 \\/  ___)| |_)| | | | | || (_| |  ) ) ) )
  '  |____| .__|_| |_|_| |_\__, | / / / /
 =========|_|==============|___/=/_/_/_/
[32m :: Spring Boot :: [39m              [2m (v3.2.4)[0;39m

[2m2026-05-22T17:29:31.967+05:30[0;39m [32m INFO[0;39m [35m2269[0;39m [2m---[0;39m [2m[api-gateway] [           main][0;39m [2m[0;39m[36mcom.ecom.gateway.ApiGatewayApplication  [0;39m [2m:[0;39m Starting ApiGatewayApplication using Java 23.0.2 with PID 2269 (/Users/aman/ecom-order-system/api-gateway/target/classes started by aman in /Users/aman/ecom-order-system/api-gateway)
[2m2026-05-22T17:29:31.968+05:30[0;39m [32m INFO[0;39m [35m2269[0;39m [2m---[0;39m [2m[api-gateway] [           main][0;39m [2m[0;39m[36mcom.ecom.gateway.ApiGatewayApplication  [0;39m [2m:[0;39m No active profile set, falling back to 1 default profile: "default"
[2m2026-05-22T17:29:32.427+05:30[0;39m [32m INFO[0;39m [35m2269[0;39m [2m---[0;39m [2m[api-gateway] [           main][0;39m [2m[0;39m[36mo.s.cloud.context.scope.GenericScope    [0;39m [2m:[0;39m BeanFactory id=73716406-2d13-33be-b31c-ff3d595f7204
[2m2026-05-22T17:29:32.456+05:30[0;39m [33m WARN[0;39m [35m2269[0;39m [2m---[0;39m [2m[api-gateway] [           main][0;39m [2m[0;39m[36mtrationDelegate$BeanPostProcessorChecker[0;39m [2m:[0;39m Bean 'org.springframework.cloud.client.loadbalancer.LoadBalancerAutoConfiguration$DeferringLoadBalancerInterceptorConfig' of type [org.springframework.cloud.client.loadbalancer.LoadBalancerAutoConfiguration$DeferringLoadBalancerInterceptorConfig] is not eligible for getting processed by all BeanPostProcessors (for example: not eligible for auto-proxying). The currently created BeanPostProcessor [lbRestClientPostProcessor] is declared through a non-static factory method on that class; consider declaring it as static instead.
[2m2026-05-22T17:29:32.457+05:30[0;39m [33m WARN[0;39m [35m2269[0;39m [2m---[0;39m [2m[api-gateway] [           main][0;39m [2m[0;39m[36mtrationDelegate$BeanPostProcessorChecker[0;39m [2m:[0;39m Bean 'deferringLoadBalancerInterceptor' of type [org.springframework.cloud.client.loadbalancer.DeferringLoadBalancerInterceptor] is not eligible for getting processed by all BeanPostProcessors (for example: not eligible for auto-proxying). Is this bean getting eagerly injected into a currently created BeanPostProcessor [lbRestClientPostProcessor]? Check the corresponding BeanPostProcessor declaration and its dependencies.
[2m2026-05-22T17:29:32.458+05:30[0;39m [33m WARN[0;39m [35m2269[0;39m [2m---[0;39m [2m[api-gateway] [           main][0;39m [2m[0;39m[36mtrationDelegate$BeanPostProcessorChecker[0;39m [2m:[0;39m Bean 'org.springframework.cloud.client.loadbalancer.reactive.LoadBalancerBeanPostProcessorAutoConfiguration' of type [org.springframework.cloud.client.loadbalancer.reactive.LoadBalancerBeanPostProcessorAutoConfiguration] is not eligible for getting processed by all BeanPostProcessors (for example: not eligible for auto-proxying). The currently created BeanPostProcessor [loadBalancerWebClientBuilderBeanPostProcessor] is declared through a non-static factory method on that class; consider declaring it as static instead.
[2m2026-05-22T17:29:32.459+05:30[0;39m [33m WARN[0;39m [35m2269[0;39m [2m---[0;39m [2m[api-gateway] [           main][0;39m [2m[0;39m[36mtrationDelegate$BeanPostProcessorChecker[0;39m [2m:[0;39m Bean 'org.springframework.cloud.client.loadbalancer.reactive.LoadBalancerBeanPostProcessorAutoConfiguration$ReactorDeferringLoadBalancerFilterConfig' of type [org.springframework.cloud.client.loadbalancer.reactive.LoadBalancerBeanPostProcessorAutoConfiguration$ReactorDeferringLoadBalancerFilterConfig] is not eligible for getting processed by all BeanPostProcessors (for example: not eligible for auto-proxying). Is this bean getting eagerly injected into a currently created BeanPostProcessor [loadBalancerWebClientBuilderBeanPostProcessor]? Check the corresponding BeanPostProcessor declaration and its dependencies.
[2m2026-05-22T17:29:32.460+05:30[0;39m [33m WARN[0;39m [35m2269[0;39m [2m---[0;39m [2m[api-gateway] [           main][0;39m [2m[0;39m[36mtrationDelegate$BeanPostProcessorChecker[0;39m [2m:[0;39m Bean 'reactorDeferringLoadBalancerExchangeFilterFunction' of type [org.springframework.cloud.client.loadbalancer.reactive.DeferringLoadBalancerExchangeFilterFunction] is not eligible for getting processed by all BeanPostProcessors (for example: not eligible for auto-proxying). Is this bean getting eagerly injected into a currently created BeanPostProcessor [loadBalancerWebClientBuilderBeanPostProcessor]? Check the corresponding BeanPostProcessor declaration and its dependencies.
[2m2026-05-22T17:29:32.795+05:30[0;39m [32m INFO[0;39m [35m2269[0;39m [2m---[0;39m [2m[api-gateway] [           main][0;39m [2m[0;39m[36mo.s.c.g.r.RouteDefinitionRouteLocator   [0;39m [2m:[0;39m Loaded RoutePredicateFactory [After]
[2m2026-05-22T17:29:32.795+05:30[0;39m [32m INFO[0;39m [35m2269[0;39m [2m---[0;39m [2m[api-gateway] [           main][0;39m [2m[0;39m[36mo.s.c.g.r.RouteDefinitionRouteLocator   [0;39m [2m:[0;39m Loaded RoutePredicateFactory [Before]
[2m2026-05-22T17:29:32.795+05:30[0;39m [32m INFO[0;39m [35m2269[0;39m [2m---[0;39m [2m[api-gateway] [           main][0;39m [2m[0;39m[36mo.s.c.g.r.RouteDefinitionRouteLocator   [0;39m [2m:[0;39m Loaded RoutePredicateFactory [Between]
[2m2026-05-22T17:29:32.795+05:30[0;39m [32m INFO[0;39m [35m2269[0;39m [2m---[0;39m [2m[api-gateway] [           main][0;39m [2m[0;39m[36mo.s.c.g.r.RouteDefinitionRouteLocator   [0;39m [2m:[0;39m Loaded RoutePredicateFactory [Cookie]
[2m2026-05-22T17:29:32.795+05:30[0;39m [32m INFO[0;39m [35m2269[0;39m [2m---[0;39m [2m[api-gateway] [           main][0;39m [2m[0;39m[36mo.s.c.g.r.RouteDefinitionRouteLocator   [0;39m [2m:[0;39m Loaded RoutePredicateFactory [Header]
[2m2026-05-22T17:29:32.795+05:30[0;39m [32m INFO[0;39m [35m2269[0;39m [2m---[0;39m [2m[api-gateway] [           main][0;39m [2m[0;39m[36mo.s.c.g.r.RouteDefinitionRouteLocator   [0;39m [2m:[0;39m Loaded RoutePredicateFactory [Host]
[2m2026-05-22T17:29:32.795+05:30[0;39m [32m INFO[0;39m [35m2269[0;39m [2m---[0;39m [2m[api-gateway] [           main][0;39m [2m[0;39m[36mo.s.c.g.r.RouteDefinitionRouteLocator   [0;39m [2m:[0;39m Loaded RoutePredicateFactory [Method]
[2m2026-05-22T17:29:32.796+05:30[0;39m [32m INFO[0;39m [35m2269[0;39m [2m---[0;39m [2m[api-gateway] [           main][0;39m [2m[0;39m[36mo.s.c.g.r.RouteDefinitionRouteLocator   [0;39m [2m:[0;39m Loaded RoutePredicateFactory [Path]
[2m2026-05-22T17:29:32.796+05:30[0;39m [32m INFO[0;39m [35m2269[0;39m [2m---[0;39m [2m[api-gateway] [           main][0;39m [2m[0;39m[36mo.s.c.g.r.RouteDefinitionRouteLocator   [0;39m [2m:[0;39m Loaded RoutePredicateFactory [Query]
[2m2026-05-22T17:29:32.796+05:30[0;39m [32m INFO[0;39m [35m2269[0;39m [2m---[0;39m [2m[api-gateway] [           main][0;39m [2m[0;39m[36mo.s.c.g.r.RouteDefinitionRouteLocator   [0;39m [2m:[0;39m Loaded RoutePredicateFactory [ReadBody]
[2m2026-05-22T17:29:32.796+05:30[0;39m [32m INFO[0;39m [35m2269[0;39m [2m---[0;39m [2m[api-gateway] [           main][0;39m [2m[0;39m[36mo.s.c.g.r.RouteDefinitionRouteLocator   [0;39m [2m:[0;39m Loaded RoutePredicateFactory [RemoteAddr]
[2m2026-05-22T17:29:32.796+05:30[0;39m [32m INFO[0;39m [35m2269[0;39m [2m---[0;39m [2m[api-gateway] [           main][0;39m [2m[0;39m[36mo.s.c.g.r.RouteDefinitionRouteLocator   [0;39m [2m:[0;39m Loaded RoutePredicateFactory [XForwardedRemoteAddr]
[2m2026-05-22T17:29:32.796+05:30[0;39m [32m INFO[0;39m [35m2269[0;39m [2m---[0;39m [2m[api-gateway] [           main][0;39m [2m[0;39m[36mo.s.c.g.r.RouteDefinitionRouteLocator   [0;39m [2m:[0;39m Loaded RoutePredicateFactory [Weight]
[2m2026-05-22T17:29:32.796+05:30[0;39m [32m INFO[0;39m [35m2269[0;39m [2m---[0;39m [2m[api-gateway] [           main][0;39m [2m[0;39m[36mo.s.c.g.r.RouteDefinitionRouteLocator   [0;39m [2m:[0;39m Loaded RoutePredicateFactory [CloudFoundryRouteService]
[2m2026-05-22T17:29:32.898+05:30[0;39m [32m INFO[0;39m [35m2269[0;39m [2m---[0;39m [2m[api-gateway] [           main][0;39m [2m[0;39m[36mo.s.b.a.e.web.EndpointLinksResolver     [0;39m [2m:[0;39m Exposing 1 endpoint(s) beneath base path '/actuator'
[2m2026-05-22T17:29:32.980+05:30[0;39m [32m INFO[0;39m [35m2269[0;39m [2m---[0;39m [2m[api-gateway] [           main][0;39m [2m[0;39m[36mDiscoveryClientOptionalArgsConfiguration[0;39m [2m:[0;39m Eureka HTTP Client uses RestTemplate.
[2m2026-05-22T17:29:32.991+05:30[0;39m [33m WARN[0;39m [35m2269[0;39m [2m---[0;39m [2m[api-gateway] [           main][0;39m [2m[0;39m[36miguration$LoadBalancerCaffeineWarnLogger[0;39m [2m:[0;39m Spring Cloud LoadBalancer is currently working with the default cache. While this cache implementation is useful for development and tests, it's recommended to use Caffeine cache in production.You can switch to using Caffeine cache, by adding it and org.springframework.cache.caffeine.CaffeineCacheManager to the classpath.
[2m2026-05-22T17:29:33.022+05:30[0;39m [32m INFO[0;39m [35m2269[0;39m [2m---[0;39m [2m[api-gateway] [           main][0;39m [2m[0;39m[36mo.s.c.n.eureka.InstanceInfoFactory      [0;39m [2m:[0;39m Setting initial instance status as: STARTING
[2m2026-05-22T17:29:33.067+05:30[0;39m [32m INFO[0;39m [35m2269[0;39m [2m---[0;39m [2m[api-gateway] [           main][0;39m [2m[0;39m[36mcom.netflix.discovery.DiscoveryClient   [0;39m [2m:[0;39m Initializing Eureka in region us-east-1
[2m2026-05-22T17:29:33.069+05:30[0;39m [32m INFO[0;39m [35m2269[0;39m [2m---[0;39m [2m[api-gateway] [           main][0;39m [2m[0;39m[36mc.n.d.s.r.aws.ConfigClusterResolver     [0;39m [2m:[0;39m Resolving eureka endpoints via configuration
[2m2026-05-22T17:29:33.078+05:30[0;39m [32m INFO[0;39m [35m2269[0;39m [2m---[0;39m [2m[api-gateway] [           main][0;39m [2m[0;39m[36mcom.netflix.discovery.DiscoveryClient   [0;39m [2m:[0;39m Disable delta property : false
[2m2026-05-22T17:29:33.078+05:30[0;39m [32m INFO[0;39m [35m2269[0;39m [2m---[0;39m [2m[api-gateway] [           main][0;39m [2m[0;39m[36mcom.netflix.discovery.DiscoveryClient   [0;39m [2m:[0;39m Single vip registry refresh property : null
[2m2026-05-22T17:29:33.078+05:30[0;39m [32m INFO[0;39m [35m2269[0;39m [2m---[0;39m [2m[api-gateway] [           main][0;39m [2m[0;39m[36mcom.netflix.discovery.DiscoveryClient   [0;39m [2m:[0;39m Force full registry fetch : false
[2m2026-05-22T17:29:33.078+05:30[0;39m [32m INFO[0;39m [35m2269[0;39m [2m---[0;39m [2m[api-gateway] [           main][0;39m [2m[0;39m[36mcom.netflix.discovery.DiscoveryClient   [0;39m [2m:[0;39m Application is null : false
[2m2026-05-22T17:29:33.078+05:30[0;39m [32m INFO[0;39m [35m2269[0;39m [2m---[0;39m [2m[api-gateway] [           main][0;39m [2m[0;39m[36mcom.netflix.discovery.DiscoveryClient   [0;39m [2m:[0;39m Registered Applications size is zero : true
[2m2026-05-22T17:29:33.079+05:30[0;39m [32m INFO[0;39m [35m2269[0;39m [2m---[0;39m [2m[api-gateway] [           main][0;39m [2m[0;39m[36mcom.netflix.discovery.DiscoveryClient   [0;39m [2m:[0;39m Application version is -1: true
[2m2026-05-22T17:29:33.079+05:30[0;39m [32m INFO[0;39m [35m2269[0;39m [2m---[0;39m [2m[api-gateway] [           main][0;39m [2m[0;39m[36mcom.netflix.discovery.DiscoveryClient   [0;39m [2m:[0;39m Getting all instance registry info from the eureka server
[2m2026-05-22T17:29:33.262+05:30[0;39m [32m INFO[0;39m [35m2269[0;39m [2m---[0;39m [2m[api-gateway] [           main][0;39m [2m[0;39m[36mcom.netflix.discovery.DiscoveryClient   [0;39m [2m:[0;39m The response status is 200
[2m2026-05-22T17:29:33.263+05:30[0;39m [32m INFO[0;39m [35m2269[0;39m [2m---[0;39m [2m[api-gateway] [           main][0;39m [2m[0;39m[36mcom.netflix.discovery.DiscoveryClient   [0;39m [2m:[0;39m Starting heartbeat executor: renew interval is: 30
[2m2026-05-22T17:29:33.265+05:30[0;39m [32m INFO[0;39m [35m2269[0;39m [2m---[0;39m [2m[api-gateway] [           main][0;39m [2m[0;39m[36mc.n.discovery.InstanceInfoReplicator    [0;39m [2m:[0;39m InstanceInfoReplicator onDemand update allowed rate per min is 4
[2m2026-05-22T17:29:33.268+05:30[0;39m [32m INFO[0;39m [35m2269[0;39m [2m---[0;39m [2m[api-gateway] [           main][0;39m [2m[0;39m[36mcom.netflix.discovery.DiscoveryClient   [0;39m [2m:[0;39m Discovery Client initialized at timestamp 1779451173268 with initial instances count: 4
[2m2026-05-22T17:29:33.269+05:30[0;39m [32m INFO[0;39m [35m2269[0;39m [2m---[0;39m [2m[api-gateway] [           main][0;39m [2m[0;39m[36mo.s.c.n.e.s.EurekaServiceRegistry       [0;39m [2m:[0;39m Registering application API-GATEWAY with eureka with status UP
[2m2026-05-22T17:29:33.269+05:30[0;39m [32m INFO[0;39m [35m2269[0;39m [2m---[0;39m [2m[api-gateway] [           main][0;39m [2m[0;39m[36mcom.netflix.discovery.DiscoveryClient   [0;39m [2m:[0;39m Saw local status change event StatusChangeEvent [timestamp=1779451173269, current=UP, previous=STARTING]
[2m2026-05-22T17:29:33.269+05:30[0;39m [32m INFO[0;39m [35m2269[0;39m [2m---[0;39m [2m[api-gateway] [nfoReplicator-0][0;39m [2m[0;39m[36mcom.netflix.discovery.DiscoveryClient   [0;39m [2m:[0;39m DiscoveryClient_API-GATEWAY/172.20.10.2:api-gateway:8080: registering service...
[2m2026-05-22T17:29:33.296+05:30[0;39m [32m INFO[0;39m [35m2269[0;39m [2m---[0;39m [2m[api-gateway] [nfoReplicator-0][0;39m [2m[0;39m[36mcom.netflix.discovery.DiscoveryClient   [0;39m [2m:[0;39m DiscoveryClient_API-GATEWAY/172.20.10.2:api-gateway:8080 - registration status: 204
[2m2026-05-22T17:29:33.334+05:30[0;39m [32m INFO[0;39m [35m2269[0;39m [2m---[0;39m [2m[api-gateway] [           main][0;39m [2m[0;39m[36mo.s.b.web.embedded.netty.NettyWebServer [0;39m [2m:[0;39m Netty started on port 8080
[2m2026-05-22T17:29:33.334+05:30[0;39m [32m INFO[0;39m [35m2269[0;39m [2m---[0;39m [2m[api-gateway] [           main][0;39m [2m[0;39m[36m.s.c.n.e.s.EurekaAutoServiceRegistration[0;39m [2m:[0;39m Updating port to 8080
[2m2026-05-22T17:29:33.351+05:30[0;39m [32m INFO[0;39m [35m2269[0;39m [2m---[0;39m [2m[api-gateway] [           main][0;39m [2m[0;39m[36mcom.ecom.gateway.ApiGatewayApplication  [0;39m [2m:[0;39m Started ApiGatewayApplication in 1.585 seconds (process running for 1.746)
[2m2026-05-22T17:29:43.613+05:30[0;39m [31mERROR[0;39m [35m2269[0;39m [2m---[0;39m [2m[api-gateway] [ctor-http-nio-3][0;39m [2m[0;39m[36mi.n.r.d.DnsServerAddressStreamProviders [0;39m [2m:[0;39m Unable to load io.netty.resolver.dns.macos.MacOSDnsServerAddressStreamProvider, fallback to system defaults. This may result in incorrect DNS resolutions on MacOS. Check whether you have a dependency on 'io.netty:netty-resolver-dns-native-macos'. Use DEBUG level to see the full stack: java.lang.UnsatisfiedLinkError: failed to load the required native library
[2m2026-05-22T17:34:33.074+05:30[0;39m [32m INFO[0;39m [35m2269[0;39m [2m---[0;39m [2m[api-gateway] [trap-executor-0][0;39m [2m[0;39m[36mc.n.d.s.r.aws.ConfigClusterResolver     [0;39m [2m:[0;39m Resolving eureka endpoints via configuration
[2m2026-05-22T18:12:57.208+05:30[0;39m [32m INFO[0;39m [35m2269[0;39m [2m---[0;39m [2m[api-gateway] [tbeatExecutor-0][0;39m [2m[0;39m[36mcom.netflix.discovery.DiscoveryClient   [0;39m [2m:[0;39m DiscoveryClient_API-GATEWAY/172.20.10.2:api-gateway:8080 - Re-registering apps/API-GATEWAY
[2m2026-05-22T18:12:57.208+05:30[0;39m [32m INFO[0;39m [35m2269[0;39m [2m---[0;39m [2m[api-gateway] [tbeatExecutor-0][0;39m [2m[0;39m[36mcom.netflix.discovery.DiscoveryClient   [0;39m [2m:[0;39m DiscoveryClient_API-GATEWAY/172.20.10.2:api-gateway:8080: registering service...
[2m2026-05-22T18:12:57.216+05:30[0;39m [32m INFO[0;39m [35m2269[0;39m [2m---[0;39m [2m[api-gateway] [tbeatExecutor-0][0;39m [2m[0;39m[36mcom.netflix.discovery.DiscoveryClient   [0;39m [2m:[0;39m DiscoveryClient_API-GATEWAY/172.20.10.2:api-gateway:8080 - registration status: 204
[2m2026-05-22T18:17:15.515+05:30[0;39m [32m INFO[0;39m [35m2269[0;39m [2m---[0;39m [2m[api-gateway] [trap-executor-0][0;39m [2m[0;39m[36mc.n.d.s.r.aws.ConfigClusterResolver     [0;39m [2m:[0;39m Resolving eureka endpoints via configuration
[2m2026-05-22T18:22:15.520+05:30[0;39m [32m INFO[0;39m [35m2269[0;39m [2m---[0;39m [2m[api-gateway] [trap-executor-0][0;39m [2m[0;39m[36mc.n.d.s.r.aws.ConfigClusterResolver     [0;39m [2m:[0;39m Resolving eureka endpoints via configuration
[2m2026-05-22T18:27:15.522+05:30[0;39m [32m INFO[0;39m [35m2269[0;39m [2m---[0;39m [2m[api-gateway] [trap-executor-0][0;39m [2m[0;39m[36mc.n.d.s.r.aws.ConfigClusterResolver     [0;39m [2m:[0;39m Resolving eureka endpoints via configuration
[2m2026-05-22T18:32:15.529+05:30[0;39m [32m INFO[0;39m [35m2269[0;39m [2m---[0;39m [2m[api-gateway] [trap-executor-0][0;39m [2m[0;39m[36mc.n.d.s.r.aws.ConfigClusterResolver     [0;39m [2m:[0;39m Resolving eureka endpoints via configuration
[2m2026-05-22T18:37:15.527+05:30[0;39m [32m INFO[0;39m [35m2269[0;39m [2m---[0;39m [2m[api-gateway] [trap-executor-0][0;39m [2m[0;39m[36mc.n.d.s.r.aws.ConfigClusterResolver     [0;39m [2m:[0;39m Resolving eureka endpoints via configuration
[2m2026-05-22T18:42:15.530+05:30[0;39m [32m INFO[0;39m [35m2269[0;39m [2m---[0;39m [2m[api-gateway] [trap-executor-0][0;39m [2m[0;39m[36mc.n.d.s.r.aws.ConfigClusterResolver     [0;39m [2m:[0;39m Resolving eureka endpoints via configuration
[2m2026-05-22T18:47:15.533+05:30[0;39m [32m INFO[0;39m [35m2269[0;39m [2m---[0;39m [2m[api-gateway] [trap-executor-0][0;39m [2m[0;39m[36mc.n.d.s.r.aws.ConfigClusterResolver     [0;39m [2m:[0;39m Resolving eureka endpoints via configuration
[2m2026-05-22T18:52:15.540+05:30[0;39m [32m INFO[0;39m [35m2269[0;39m [2m---[0;39m [2m[api-gateway] [trap-executor-0][0;39m [2m[0;39m[36mc.n.d.s.r.aws.ConfigClusterResolver     [0;39m [2m:[0;39m Resolving eureka endpoints via configuration
[2m2026-05-22T18:57:15.536+05:30[0;39m [32m INFO[0;39m [35m2269[0;39m [2m---[0;39m [2m[api-gateway] [trap-executor-0][0;39m [2m[0;39m[36mc.n.d.s.r.aws.ConfigClusterResolver     [0;39m [2m:[0;39m Resolving eureka endpoints via configuration
[2m2026-05-22T19:02:15.533+05:30[0;39m [32m INFO[0;39m [35m2269[0;39m [2m---[0;39m [2m[api-gateway] [trap-executor-0][0;39m [2m[0;39m[36mc.n.d.s.r.aws.ConfigClusterResolver     [0;39m [2m:[0;39m Resolving eureka endpoints via configuration
[2m2026-05-22T19:07:15.535+05:30[0;39m [32m INFO[0;39m [35m2269[0;39m [2m---[0;39m [2m[api-gateway] [trap-executor-0][0;39m [2m[0;39m[36mc.n.d.s.r.aws.ConfigClusterResolver     [0;39m [2m:[0;39m Resolving eureka endpoints via configuration
[2m2026-05-22T19:12:15.541+05:30[0;39m [32m INFO[0;39m [35m2269[0;39m [2m---[0;39m [2m[api-gateway] [trap-executor-0][0;39m [2m[0;39m[36mc.n.d.s.r.aws.ConfigClusterResolver     [0;39m [2m:[0;39m Resolving eureka endpoints via configuration
[2m2026-05-22T19:17:15.545+05:30[0;39m [32m INFO[0;39m [35m2269[0;39m [2m---[0;39m [2m[api-gateway] [trap-executor-0][0;39m [2m[0;39m[36mc.n.d.s.r.aws.ConfigClusterResolver     [0;39m [2m:[0;39m Resolving eureka endpoints via configuration
[2m2026-05-22T19:22:15.543+05:30[0;39m [32m INFO[0;39m [35m2269[0;39m [2m---[0;39m [2m[api-gateway] [trap-executor-0][0;39m [2m[0;39m[36mc.n.d.s.r.aws.ConfigClusterResolver     [0;39m [2m:[0;39m Resolving eureka endpoints via configuration
[2m2026-05-22T19:27:15.538+05:30[0;39m [32m INFO[0;39m [35m2269[0;39m [2m---[0;39m [2m[api-gateway] [trap-executor-0][0;39m [2m[0;39m[36mc.n.d.s.r.aws.ConfigClusterResolver     [0;39m [2m:[0;39m Resolving eureka endpoints via configuration
[2m2026-05-22T19:32:15.541+05:30[0;39m [32m INFO[0;39m [35m2269[0;39m [2m---[0;39m [2m[api-gateway] [trap-executor-0][0;39m [2m[0;39m[36mc.n.d.s.r.aws.ConfigClusterResolver     [0;39m [2m:[0;39m Resolving eureka endpoints via configuration
[2m2026-05-22T19:37:15.543+05:30[0;39m [32m INFO[0;39m [35m2269[0;39m [2m---[0;39m [2m[api-gateway] [trap-executor-0][0;39m [2m[0;39m[36mc.n.d.s.r.aws.ConfigClusterResolver     [0;39m [2m:[0;39m Resolving eureka endpoints via configuration
[2m2026-05-22T19:42:15.541+05:30[0;39m [32m INFO[0;39m [35m2269[0;39m [2m---[0;39m [2m[api-gateway] [trap-executor-0][0;39m [2m[0;39m[36mc.n.d.s.r.aws.ConfigClusterResolver     [0;39m [2m:[0;39m Resolving eureka endpoints via configuration
[2m2026-05-22T19:47:15.539+05:30[0;39m [32m INFO[0;39m [35m2269[0;39m [2m---[0;39m [2m[api-gateway] [trap-executor-0][0;39m [2m[0;39m[36mc.n.d.s.r.aws.ConfigClusterResolver     [0;39m [2m:[0;39m Resolving eureka endpoints via configuration
[INFO] ------------------------------------------------------------------------
[INFO] BUILD FAILURE
[INFO] ------------------------------------------------------------------------
[INFO] Total time:  02:17 h
[INFO] Finished at: 2026-05-22T19:47:20+05:30
[INFO] ------------------------------------------------------------------------
[ERROR] Failed to execute goal org.springframework.boot:spring-boot-maven-plugin:3.2.4:run (default-cli) on project api-gateway: Process terminated with exit code: 137 -> [Help 1]
[ERROR] 
[ERROR] To see the full stack trace of the errors, re-run Maven with the -e switch.
[ERROR] Re-run Maven using the -X switch to enable full debug logging.
[ERROR] 
[ERROR] For more information about the errors and possible solutions, please read the following articles:
[ERROR] [Help 1] http://cwiki.apache.org/confluence/display/MAVEN/MojoExecutionException
