
> frontend@0.1.0 start
> react-scripts start

(node:34513) [DEP_WEBPACK_DEV_SERVER_ON_AFTER_SETUP_MIDDLEWARE] DeprecationWarning: 'onAfterSetupMiddleware' option is deprecated. Please use the 'setupMiddlewares' option.
(Use `node --trace-deprecation ...` to show where the warning was created)
(node:34513) [DEP_WEBPACK_DEV_SERVER_ON_BEFORE_SETUP_MIDDLEWARE] DeprecationWarning: 'onBeforeSetupMiddleware' option is deprecated. Please use the 'setupMiddlewares' option.
Starting the development server...

Compiled successfully!

You can now view frontend in the browser.

  Local:            http://localhost:3000
  On Your Network:  http://192.168.1.41:3000

Note that the development build is not optimized.
To create a production build, use npm run build.

webpack compiled successfully
Compiling...
Compiled successfully!
webpack compiled successfully
Compiling...
Compiled successfully!
webpack compiled successfully
Compiling...
Compiled with warnings.

[eslint] 
src/pages/Landing.js
  Line 5:8:  'UserAvatar' is defined but never used  no-unused-vars

Search for the keywords to learn more about each warning.
To ignore, add // eslint-disable-next-line to the line before.

WARNING in [eslint] 
src/pages/Landing.js
  Line 5:8:  'UserAvatar' is defined but never used  no-unused-vars

webpack compiled with 1 warning
Compiling...
Compiled with warnings.

[eslint] 
src/pages/Landing.js
  Line 55:28:  'user' is assigned a value but never used  no-unused-vars

Search for the keywords to learn more about each warning.
To ignore, add // eslint-disable-next-line to the line before.

WARNING in [eslint] 
src/pages/Landing.js
  Line 55:28:  'user' is assigned a value but never used  no-unused-vars

webpack compiled with 1 warning
Compiling...
Compiled with warnings.

[eslint] 
src/pages/Landing.js
  Line 55:28:  'user' is assigned a value but never used  no-unused-vars

Search for the keywords to learn more about each warning.
To ignore, add // eslint-disable-next-line to the line before.

WARNING in [eslint] 
src/pages/Landing.js
  Line 55:28:  'user' is assigned a value but never used  no-unused-vars

webpack compiled with 1 warning
Compiling...
Compiled with warnings.

[eslint] 
src/pages/Landing.js
  Line 55:28:  'user' is assigned a value but never used  no-unused-vars

Search for the keywords to learn more about each warning.
To ignore, add // eslint-disable-next-line to the line before.

WARNING in [eslint] 
src/pages/Landing.js
  Line 55:28:  'user' is assigned a value but never used  no-unused-vars

webpack compiled with 1 warning
Compiling...
Failed to compile.

[eslint] 
src/App.js
  Line 55:3:  'useEffect' is not defined  no-undef

Search for the keywords to learn more about each error.
WARNING in [eslint] 
src/App.js
  Line 19:10:  'ProtectedRoute' is defined but never used  no-unused-vars

src/pages/Landing.js
  Line 55:28:  'user' is assigned a value but never used  no-unused-vars

ERROR in [eslint] 
src/App.js
  Line 55:3:  'useEffect' is not defined  no-undef

Search for the keywords to learn more about each error.

webpack compiled with 1 error and 1 warning
Compiling...
Compiled with warnings.

[eslint] 
src/App.js
  Line 19:10:  'ProtectedRoute' is defined but never used  no-unused-vars

src/pages/Landing.js
  Line 55:28:  'user' is assigned a value but never used  no-unused-vars

Search for the keywords to learn more about each warning.
To ignore, add // eslint-disable-next-line to the line before.

WARNING in [eslint] 
src/App.js
  Line 19:10:  'ProtectedRoute' is defined but never used  no-unused-vars

src/pages/Landing.js
  Line 55:28:  'user' is assigned a value but never used  no-unused-vars

webpack compiled with 1 warning
Compiling...
Failed to compile.

[eslint] 
src/pages/Landing.js
  Line 89:16:  'UserAvatar' is not defined  react/jsx-no-undef

Search for the keywords to learn more about each error.
WARNING in [eslint] 
src/App.js
  Line 19:10:  'ProtectedRoute' is defined but never used  no-unused-vars

src/pages/Landing.js
  Line 54:28:  'user' is assigned a value but never used  no-unused-vars

ERROR in [eslint] 
src/pages/Landing.js
  Line 89:16:  'UserAvatar' is not defined  react/jsx-no-undef

Search for the keywords to learn more about each error.

webpack compiled with 1 error and 1 warning
Compiling...
Compiled with warnings.

[eslint] 
src/App.js
  Line 19:10:  'ProtectedRoute' is defined but never used  no-unused-vars

src/pages/Landing.js
  Line 54:28:  'user' is assigned a value but never used  no-unused-vars

Search for the keywords to learn more about each warning.
To ignore, add // eslint-disable-next-line to the line before.

WARNING in [eslint] 
src/App.js
  Line 19:10:  'ProtectedRoute' is defined but never used  no-unused-vars

src/pages/Landing.js
  Line 54:28:  'user' is assigned a value but never used  no-unused-vars

webpack compiled with 1 warning
Compiling...
Compiled with warnings.

[eslint] 
src/App.js
  Line 19:10:  'ProtectedRoute' is defined but never used  no-unused-vars

src/pages/Landing.js
  Line 54:28:  'user' is assigned a value but never used  no-unused-vars

Search for the keywords to learn more about each warning.
To ignore, add // eslint-disable-next-line to the line before.

WARNING in [eslint] 
src/App.js
  Line 19:10:  'ProtectedRoute' is defined but never used  no-unused-vars

src/pages/Landing.js
  Line 54:28:  'user' is assigned a value but never used  no-unused-vars

webpack compiled with 1 warning
Compiling...
Compiled with warnings.

[eslint] 
src/App.js
  Line 19:10:  'ProtectedRoute' is defined but never used  no-unused-vars

src/pages/Landing.js
  Line 54:28:  'user' is assigned a value but never used  no-unused-vars

Search for the keywords to learn more about each warning.
To ignore, add // eslint-disable-next-line to the line before.

WARNING in [eslint] 
src/App.js
  Line 19:10:  'ProtectedRoute' is defined but never used  no-unused-vars

src/pages/Landing.js
  Line 54:28:  'user' is assigned a value but never used  no-unused-vars

webpack compiled with 1 warning
Compiling...
Compiled with warnings.

[eslint] 
src/App.js
  Line 19:10:  'ProtectedRoute' is defined but never used  no-unused-vars

src/pages/Landing.js
  Line 54:28:  'user' is assigned a value but never used  no-unused-vars

Search for the keywords to learn more about each warning.
To ignore, add // eslint-disable-next-line to the line before.

WARNING in [eslint] 
src/App.js
  Line 19:10:  'ProtectedRoute' is defined but never used  no-unused-vars

src/pages/Landing.js
  Line 54:28:  'user' is assigned a value but never used  no-unused-vars

webpack compiled with 1 warning
Compiling...
Compiled with warnings.

[eslint] 
src/App.js
  Line 19:10:  'ProtectedRoute' is defined but never used  no-unused-vars

src/pages/Landing.js
  Line 54:28:  'user' is assigned a value but never used  no-unused-vars

Search for the keywords to learn more about each warning.
To ignore, add // eslint-disable-next-line to the line before.

WARNING in [eslint] 
src/App.js
  Line 19:10:  'ProtectedRoute' is defined but never used  no-unused-vars

src/pages/Landing.js
  Line 54:28:  'user' is assigned a value but never used  no-unused-vars

webpack compiled with 1 warning
Compiling...
Compiled with warnings.

[eslint] 
src/App.js
  Line 19:10:  'ProtectedRoute' is defined but never used  no-unused-vars

src/pages/Landing.js
  Line 54:28:  'user' is assigned a value but never used  no-unused-vars

Search for the keywords to learn more about each warning.
To ignore, add // eslint-disable-next-line to the line before.

WARNING in [eslint] 
src/App.js
  Line 19:10:  'ProtectedRoute' is defined but never used  no-unused-vars

src/pages/Landing.js
  Line 54:28:  'user' is assigned a value but never used  no-unused-vars

webpack compiled with 1 warning
Compiling...
Compiled with warnings.

[eslint] 
src/App.js
  Line 19:10:  'ProtectedRoute' is defined but never used  no-unused-vars

src/pages/Landing.js
  Line 54:28:  'user' is assigned a value but never used  no-unused-vars

Search for the keywords to learn more about each warning.
To ignore, add // eslint-disable-next-line to the line before.

WARNING in [eslint] 
src/App.js
  Line 19:10:  'ProtectedRoute' is defined but never used  no-unused-vars

src/pages/Landing.js
  Line 54:28:  'user' is assigned a value but never used  no-unused-vars

webpack compiled with 1 warning
Compiling...
Compiled with warnings.

[eslint] 
src/App.js
  Line 19:10:  'ProtectedRoute' is defined but never used  no-unused-vars

src/pages/Landing.js
  Line 54:28:  'user' is assigned a value but never used  no-unused-vars

Search for the keywords to learn more about each warning.
To ignore, add // eslint-disable-next-line to the line before.

WARNING in [eslint] 
src/App.js
  Line 19:10:  'ProtectedRoute' is defined but never used  no-unused-vars

src/pages/Landing.js
  Line 54:28:  'user' is assigned a value but never used  no-unused-vars

webpack compiled with 1 warning
Compiling...
Compiled with warnings.

[eslint] 
src/App.js
  Line 19:10:  'ProtectedRoute' is defined but never used  no-unused-vars

src/pages/Landing.js
  Line 54:28:  'user' is assigned a value but never used  no-unused-vars

Search for the keywords to learn more about each warning.
To ignore, add // eslint-disable-next-line to the line before.

WARNING in [eslint] 
src/App.js
  Line 19:10:  'ProtectedRoute' is defined but never used  no-unused-vars

src/pages/Landing.js
  Line 54:28:  'user' is assigned a value but never used  no-unused-vars

webpack compiled with 1 warning
Compiling...
Compiled with warnings.

[eslint] 
src/App.js
  Line 4:10:   'ToastProvider' is defined but never used   no-unused-vars
  Line 20:10:  'ProtectedRoute' is defined but never used  no-unused-vars

src/pages/Landing.js
  Line 54:28:  'user' is assigned a value but never used  no-unused-vars

Search for the keywords to learn more about each warning.
To ignore, add // eslint-disable-next-line to the line before.

WARNING in [eslint] 
src/App.js
  Line 4:10:   'ToastProvider' is defined but never used   no-unused-vars
  Line 20:10:  'ProtectedRoute' is defined but never used  no-unused-vars

src/pages/Landing.js
  Line 54:28:  'user' is assigned a value but never used  no-unused-vars

webpack compiled with 1 warning
Compiling...
Compiled with warnings.

[eslint] 
src/App.js
  Line 20:10:  'ProtectedRoute' is defined but never used  no-unused-vars

src/pages/Landing.js
  Line 54:28:  'user' is assigned a value but never used  no-unused-vars

Search for the keywords to learn more about each warning.
To ignore, add // eslint-disable-next-line to the line before.

WARNING in [eslint] 
src/App.js
  Line 20:10:  'ProtectedRoute' is defined but never used  no-unused-vars

src/pages/Landing.js
  Line 54:28:  'user' is assigned a value but never used  no-unused-vars

webpack compiled with 1 warning
Compiling...
Compiled with warnings.

[eslint] 
src/App.js
  Line 20:10:  'ProtectedRoute' is defined but never used  no-unused-vars

src/pages/Landing.js
  Line 6:7:  'GRADIENTS_UNUSED' is assigned a value but never used  no-unused-vars

Search for the keywords to learn more about each warning.
To ignore, add // eslint-disable-next-line to the line before.

WARNING in [eslint] 
src/App.js
  Line 20:10:  'ProtectedRoute' is defined but never used  no-unused-vars

src/pages/Landing.js
  Line 6:7:  'GRADIENTS_UNUSED' is assigned a value but never used  no-unused-vars

webpack compiled with 1 warning
Compiling...
Compiled with warnings.

[eslint] 
src/App.js
  Line 20:10:  'ProtectedRoute' is defined but never used  no-unused-vars

src/pages/Landing.js
  Line 6:7:  'GRADIENTS_UNUSED' is assigned a value but never used  no-unused-vars

Search for the keywords to learn more about each warning.
To ignore, add // eslint-disable-next-line to the line before.

WARNING in [eslint] 
src/App.js
  Line 20:10:  'ProtectedRoute' is defined but never used  no-unused-vars

src/pages/Landing.js
  Line 6:7:  'GRADIENTS_UNUSED' is assigned a value but never used  no-unused-vars

webpack compiled with 1 warning
Compiling...
Compiled with warnings.

[eslint] 
src/App.js
  Line 20:10:  'ProtectedRoute' is defined but never used  no-unused-vars

src/pages/Landing.js
  Line 6:7:  'GRADIENTS_UNUSED' is assigned a value but never used  no-unused-vars

Search for the keywords to learn more about each warning.
To ignore, add // eslint-disable-next-line to the line before.

WARNING in [eslint] 
src/App.js
  Line 20:10:  'ProtectedRoute' is defined but never used  no-unused-vars

src/pages/Landing.js
  Line 6:7:  'GRADIENTS_UNUSED' is assigned a value but never used  no-unused-vars

webpack compiled with 1 warning
Compiling...
Compiled with warnings.

[eslint] 
src/App.js
  Line 20:10:  'ProtectedRoute' is defined but never used  no-unused-vars

src/pages/Landing.js
  Line 6:7:  'GRADIENTS_UNUSED' is assigned a value but never used  no-unused-vars

Search for the keywords to learn more about each warning.
To ignore, add // eslint-disable-next-line to the line before.

WARNING in [eslint] 
src/App.js
  Line 20:10:  'ProtectedRoute' is defined but never used  no-unused-vars

src/pages/Landing.js
  Line 6:7:  'GRADIENTS_UNUSED' is assigned a value but never used  no-unused-vars

webpack compiled with 1 warning
Compiling...
Compiled with warnings.

[eslint] 
src/App.js
  Line 20:10:  'ProtectedRoute' is defined but never used  no-unused-vars

src/pages/Landing.js
  Line 6:7:  'GRADIENTS_UNUSED' is assigned a value but never used  no-unused-vars

src/pages/ProductDetail.js
  Line 5:10:  'useToast' is defined but never used  no-unused-vars

Search for the keywords to learn more about each warning.
To ignore, add // eslint-disable-next-line to the line before.

WARNING in [eslint] 
src/App.js
  Line 20:10:  'ProtectedRoute' is defined but never used  no-unused-vars

src/pages/Landing.js
  Line 6:7:  'GRADIENTS_UNUSED' is assigned a value but never used  no-unused-vars

src/pages/ProductDetail.js
  Line 5:10:  'useToast' is defined but never used  no-unused-vars

webpack compiled with 1 warning
Compiling...
Compiled with warnings.

[eslint] 
src/App.js
  Line 20:10:  'ProtectedRoute' is defined but never used  no-unused-vars

src/pages/Landing.js
  Line 6:7:  'GRADIENTS_UNUSED' is assigned a value but never used  no-unused-vars

src/pages/ProductDetail.js
  Line 65:11:  'showToast' is assigned a value but never used  no-unused-vars

Search for the keywords to learn more about each warning.
To ignore, add // eslint-disable-next-line to the line before.

WARNING in [eslint] 
src/App.js
  Line 20:10:  'ProtectedRoute' is defined but never used  no-unused-vars

src/pages/Landing.js
  Line 6:7:  'GRADIENTS_UNUSED' is assigned a value but never used  no-unused-vars

src/pages/ProductDetail.js
  Line 65:11:  'showToast' is assigned a value but never used  no-unused-vars

webpack compiled with 1 warning
Compiling...
Compiled with warnings.

[eslint] 
src/App.js
  Line 20:10:  'ProtectedRoute' is defined but never used  no-unused-vars

src/pages/Landing.js
  Line 6:7:  'GRADIENTS_UNUSED' is assigned a value but never used  no-unused-vars

Search for the keywords to learn more about each warning.
To ignore, add // eslint-disable-next-line to the line before.

WARNING in [eslint] 
src/App.js
  Line 20:10:  'ProtectedRoute' is defined but never used  no-unused-vars

src/pages/Landing.js
  Line 6:7:  'GRADIENTS_UNUSED' is assigned a value but never used  no-unused-vars

webpack compiled with 1 warning
Compiling...
Compiled with warnings.

[eslint] 
src/App.js
  Line 20:10:  'ProtectedRoute' is defined but never used  no-unused-vars

src/pages/Landing.js
  Line 6:7:  'GRADIENTS_UNUSED' is assigned a value but never used  no-unused-vars

src/pages/ProductDetail.js
  Line 38:10:  'getGradient' is defined but never used  no-unused-vars

Search for the keywords to learn more about each warning.
To ignore, add // eslint-disable-next-line to the line before.

WARNING in [eslint] 
src/App.js
  Line 20:10:  'ProtectedRoute' is defined but never used  no-unused-vars

src/pages/Landing.js
  Line 6:7:  'GRADIENTS_UNUSED' is assigned a value but never used  no-unused-vars

src/pages/ProductDetail.js
  Line 38:10:  'getGradient' is defined but never used  no-unused-vars

webpack compiled with 1 warning
