[INFO] Scanning for projects...
[INFO] 
[INFO] -------------------< com.ecom:notification-service >--------------------
[INFO] Building notification-service 0.0.1-SNAPSHOT
[INFO]   from pom.xml
[INFO] --------------------------------[ jar ]---------------------------------
[INFO] 
[INFO] >>> spring-boot:3.2.4:run (default-cli) > test-compile @ notification-service >>>
[INFO] 
[INFO] --- resources:3.3.1:resources (default-resources) @ notification-service ---
[INFO] Copying 1 resource from src/main/resources to target/classes
[INFO] Copying 0 resource from src/main/resources to target/classes
[INFO] 
[INFO] --- compiler:3.11.0:compile (default-compile) @ notification-service ---
[INFO] Nothing to compile - all classes are up to date
[INFO] 
[INFO] --- resources:3.3.1:testResources (default-testResources) @ notification-service ---
[INFO] skip non existing resourceDirectory /Users/aman/ecom-order-system/notification-service/src/test/resources
[INFO] 
[INFO] --- compiler:3.11.0:testCompile (default-testCompile) @ notification-service ---
[INFO] No sources to compile
[INFO] 
[INFO] <<< spring-boot:3.2.4:run (default-cli) < test-compile @ notification-service <<<
[INFO] 
[INFO] 
[INFO] --- spring-boot:3.2.4:run (default-cli) @ notification-service ---
[INFO] Attaching agents: []

  .   ____          _            __ _ _
 /\\ / ___'_ __ _ _(_)_ __  __ _ \ \ \ \
( ( )\___ | '_ | '_| | '_ \/ _` | \ \ \ \
 \\/  ___)| |_)| | | | | || (_| |  ) ) ) )
  '  |____| .__|_| |_|_| |_\__, | / / / /
 =========|_|==============|___/=/_/_/_/
[32m :: Spring Boot :: [39m              [2m (v3.2.4)[0;39m

[2m2026-05-28T17:19:49.297+05:30[0;39m [32m INFO[0;39m [35m69903[0;39m [2m---[0;39m [2m[notification-service] [           main][0;39m [2m[0;39m[36mc.e.n.NotificationServiceApplication    [0;39m [2m:[0;39m Starting NotificationServiceApplication using Java 23.0.2 with PID 69903 (/Users/aman/ecom-order-system/notification-service/target/classes started by aman in /Users/aman/ecom-order-system/notification-service)
[2m2026-05-28T17:19:49.300+05:30[0;39m [32m INFO[0;39m [35m69903[0;39m [2m---[0;39m [2m[notification-service] [           main][0;39m [2m[0;39m[36mc.e.n.NotificationServiceApplication    [0;39m [2m:[0;39m No active profile set, falling back to 1 default profile: "default"
[2m2026-05-28T17:19:50.832+05:30[0;39m [32m INFO[0;39m [35m69903[0;39m [2m---[0;39m [2m[notification-service] [           main][0;39m [2m[0;39m[36mo.s.cloud.context.scope.GenericScope    [0;39m [2m:[0;39m BeanFactory id=834384de-90bc-3b23-a06b-4790a987eb51
[2m2026-05-28T17:19:50.898+05:30[0;39m [33m WARN[0;39m [35m69903[0;39m [2m---[0;39m [2m[notification-service] [           main][0;39m [2m[0;39m[36mtrationDelegate$BeanPostProcessorChecker[0;39m [2m:[0;39m Bean 'org.springframework.cloud.client.loadbalancer.LoadBalancerAutoConfiguration$DeferringLoadBalancerInterceptorConfig' of type [org.springframework.cloud.client.loadbalancer.LoadBalancerAutoConfiguration$DeferringLoadBalancerInterceptorConfig] is not eligible for getting processed by all BeanPostProcessors (for example: not eligible for auto-proxying). The currently created BeanPostProcessor [lbRestClientPostProcessor] is declared through a non-static factory method on that class; consider declaring it as static instead.
[2m2026-05-28T17:19:50.900+05:30[0;39m [33m WARN[0;39m [35m69903[0;39m [2m---[0;39m [2m[notification-service] [           main][0;39m [2m[0;39m[36mtrationDelegate$BeanPostProcessorChecker[0;39m [2m:[0;39m Bean 'deferringLoadBalancerInterceptor' of type [org.springframework.cloud.client.loadbalancer.DeferringLoadBalancerInterceptor] is not eligible for getting processed by all BeanPostProcessors (for example: not eligible for auto-proxying). Is this bean getting eagerly injected into a currently created BeanPostProcessor [lbRestClientPostProcessor]? Check the corresponding BeanPostProcessor declaration and its dependencies.
[2m2026-05-28T17:19:51.094+05:30[0;39m [32m INFO[0;39m [35m69903[0;39m [2m---[0;39m [2m[notification-service] [           main][0;39m [2m[0;39m[36mo.s.b.w.embedded.tomcat.TomcatWebServer [0;39m [2m:[0;39m Tomcat initialized with port 8084 (http)
[2m2026-05-28T17:19:51.102+05:30[0;39m [32m INFO[0;39m [35m69903[0;39m [2m---[0;39m [2m[notification-service] [           main][0;39m [2m[0;39m[36mo.apache.catalina.core.StandardService  [0;39m [2m:[0;39m Starting service [Tomcat]
[2m2026-05-28T17:19:51.103+05:30[0;39m [32m INFO[0;39m [35m69903[0;39m [2m---[0;39m [2m[notification-service] [           main][0;39m [2m[0;39m[36mo.apache.catalina.core.StandardEngine   [0;39m [2m:[0;39m Starting Servlet engine: [Apache Tomcat/10.1.19]
[2m2026-05-28T17:19:51.147+05:30[0;39m [32m INFO[0;39m [35m69903[0;39m [2m---[0;39m [2m[notification-service] [           main][0;39m [2m[0;39m[36mo.a.c.c.C.[Tomcat].[localhost].[/]      [0;39m [2m:[0;39m Initializing Spring embedded WebApplicationContext
[2m2026-05-28T17:19:51.148+05:30[0;39m [32m INFO[0;39m [35m69903[0;39m [2m---[0;39m [2m[notification-service] [           main][0;39m [2m[0;39m[36mw.s.c.ServletWebServerApplicationContext[0;39m [2m:[0;39m Root WebApplicationContext: initialization completed in 1792 ms
[2m2026-05-28T17:19:52.297+05:30[0;39m [32m INFO[0;39m [35m69903[0;39m [2m---[0;39m [2m[notification-service] [           main][0;39m [2m[0;39m[36mDiscoveryClientOptionalArgsConfiguration[0;39m [2m:[0;39m Eureka HTTP Client uses RestTemplate.
[2m2026-05-28T17:19:52.336+05:30[0;39m [33m WARN[0;39m [35m69903[0;39m [2m---[0;39m [2m[notification-service] [           main][0;39m [2m[0;39m[36miguration$LoadBalancerCaffeineWarnLogger[0;39m [2m:[0;39m Spring Cloud LoadBalancer is currently working with the default cache. While this cache implementation is useful for development and tests, it's recommended to use Caffeine cache in production.You can switch to using Caffeine cache, by adding it and org.springframework.cache.caffeine.CaffeineCacheManager to the classpath.
[2m2026-05-28T17:19:52.340+05:30[0;39m [32m INFO[0;39m [35m69903[0;39m [2m---[0;39m [2m[notification-service] [           main][0;39m [2m[0;39m[36mo.s.b.a.e.web.EndpointLinksResolver     [0;39m [2m:[0;39m Exposing 2 endpoint(s) beneath base path '/actuator'
[2m2026-05-28T17:19:52.400+05:30[0;39m [32m INFO[0;39m [35m69903[0;39m [2m---[0;39m [2m[notification-service] [           main][0;39m [2m[0;39m[36mo.s.c.n.eureka.InstanceInfoFactory      [0;39m [2m:[0;39m Setting initial instance status as: STARTING
[2m2026-05-28T17:19:52.481+05:30[0;39m [32m INFO[0;39m [35m69903[0;39m [2m---[0;39m [2m[notification-service] [           main][0;39m [2m[0;39m[36mcom.netflix.discovery.DiscoveryClient   [0;39m [2m:[0;39m Initializing Eureka in region us-east-1
[2m2026-05-28T17:19:52.485+05:30[0;39m [32m INFO[0;39m [35m69903[0;39m [2m---[0;39m [2m[notification-service] [           main][0;39m [2m[0;39m[36mc.n.d.s.r.aws.ConfigClusterResolver     [0;39m [2m:[0;39m Resolving eureka endpoints via configuration
[2m2026-05-28T17:19:52.498+05:30[0;39m [32m INFO[0;39m [35m69903[0;39m [2m---[0;39m [2m[notification-service] [           main][0;39m [2m[0;39m[36mcom.netflix.discovery.DiscoveryClient   [0;39m [2m:[0;39m Disable delta property : false
[2m2026-05-28T17:19:52.498+05:30[0;39m [32m INFO[0;39m [35m69903[0;39m [2m---[0;39m [2m[notification-service] [           main][0;39m [2m[0;39m[36mcom.netflix.discovery.DiscoveryClient   [0;39m [2m:[0;39m Single vip registry refresh property : null
[2m2026-05-28T17:19:52.498+05:30[0;39m [32m INFO[0;39m [35m69903[0;39m [2m---[0;39m [2m[notification-service] [           main][0;39m [2m[0;39m[36mcom.netflix.discovery.DiscoveryClient   [0;39m [2m:[0;39m Force full registry fetch : false
[2m2026-05-28T17:19:52.498+05:30[0;39m [32m INFO[0;39m [35m69903[0;39m [2m---[0;39m [2m[notification-service] [           main][0;39m [2m[0;39m[36mcom.netflix.discovery.DiscoveryClient   [0;39m [2m:[0;39m Application is null : false
[2m2026-05-28T17:19:52.498+05:30[0;39m [32m INFO[0;39m [35m69903[0;39m [2m---[0;39m [2m[notification-service] [           main][0;39m [2m[0;39m[36mcom.netflix.discovery.DiscoveryClient   [0;39m [2m:[0;39m Registered Applications size is zero : true
[2m2026-05-28T17:19:52.498+05:30[0;39m [32m INFO[0;39m [35m69903[0;39m [2m---[0;39m [2m[notification-service] [           main][0;39m [2m[0;39m[36mcom.netflix.discovery.DiscoveryClient   [0;39m [2m:[0;39m Application version is -1: true
[2m2026-05-28T17:19:52.498+05:30[0;39m [32m INFO[0;39m [35m69903[0;39m [2m---[0;39m [2m[notification-service] [           main][0;39m [2m[0;39m[36mcom.netflix.discovery.DiscoveryClient   [0;39m [2m:[0;39m Getting all instance registry info from the eureka server
[2m2026-05-28T17:19:52.855+05:30[0;39m [32m INFO[0;39m [35m69903[0;39m [2m---[0;39m [2m[notification-service] [           main][0;39m [2m[0;39m[36mcom.netflix.discovery.DiscoveryClient   [0;39m [2m:[0;39m The response status is 200
[2m2026-05-28T17:19:52.857+05:30[0;39m [32m INFO[0;39m [35m69903[0;39m [2m---[0;39m [2m[notification-service] [           main][0;39m [2m[0;39m[36mcom.netflix.discovery.DiscoveryClient   [0;39m [2m:[0;39m Starting heartbeat executor: renew interval is: 30
[2m2026-05-28T17:19:52.858+05:30[0;39m [32m INFO[0;39m [35m69903[0;39m [2m---[0;39m [2m[notification-service] [           main][0;39m [2m[0;39m[36mc.n.discovery.InstanceInfoReplicator    [0;39m [2m:[0;39m InstanceInfoReplicator onDemand update allowed rate per min is 4
[2m2026-05-28T17:19:52.871+05:30[0;39m [32m INFO[0;39m [35m69903[0;39m [2m---[0;39m [2m[notification-service] [           main][0;39m [2m[0;39m[36mcom.netflix.discovery.DiscoveryClient   [0;39m [2m:[0;39m Discovery Client initialized at timestamp 1779968992869 with initial instances count: 0
[2m2026-05-28T17:19:52.874+05:30[0;39m [32m INFO[0;39m [35m69903[0;39m [2m---[0;39m [2m[notification-service] [           main][0;39m [2m[0;39m[36mo.s.c.n.e.s.EurekaServiceRegistry       [0;39m [2m:[0;39m Registering application NOTIFICATION-SERVICE with eureka with status UP
[2m2026-05-28T17:19:52.875+05:30[0;39m [32m INFO[0;39m [35m69903[0;39m [2m---[0;39m [2m[notification-service] [           main][0;39m [2m[0;39m[36mcom.netflix.discovery.DiscoveryClient   [0;39m [2m:[0;39m Saw local status change event StatusChangeEvent [timestamp=1779968992875, current=UP, previous=STARTING]
[2m2026-05-28T17:19:52.876+05:30[0;39m [32m INFO[0;39m [35m69903[0;39m [2m---[0;39m [2m[notification-service] [nfoReplicator-0][0;39m [2m[0;39m[36mcom.netflix.discovery.DiscoveryClient   [0;39m [2m:[0;39m DiscoveryClient_NOTIFICATION-SERVICE/192.168.1.41:notification-service:8084: registering service...
[2m2026-05-28T17:19:52.887+05:30[0;39m [32m INFO[0;39m [35m69903[0;39m [2m---[0;39m [2m[notification-service] [           main][0;39m [2m[0;39m[36mo.s.b.w.embedded.tomcat.TomcatWebServer [0;39m [2m:[0;39m Tomcat started on port 8084 (http) with context path ''
[2m2026-05-28T17:19:52.888+05:30[0;39m [32m INFO[0;39m [35m69903[0;39m [2m---[0;39m [2m[notification-service] [           main][0;39m [2m[0;39m[36m.s.c.n.e.s.EurekaAutoServiceRegistration[0;39m [2m:[0;39m Updating port to 8084
[2m2026-05-28T17:19:52.893+05:30[0;39m [32m INFO[0;39m [35m69903[0;39m [2m---[0;39m [2m[notification-service] [           main][0;39m [2m[0;39m[36mo.s.a.r.c.CachingConnectionFactory      [0;39m [2m:[0;39m Attempting to connect to: [localhost:5672]
[2m2026-05-28T17:19:52.972+05:30[0;39m [32m INFO[0;39m [35m69903[0;39m [2m---[0;39m [2m[notification-service] [nfoReplicator-0][0;39m [2m[0;39m[36mcom.netflix.discovery.DiscoveryClient   [0;39m [2m:[0;39m DiscoveryClient_NOTIFICATION-SERVICE/192.168.1.41:notification-service:8084 - registration status: 204
[2m2026-05-28T17:19:53.048+05:30[0;39m [32m INFO[0;39m [35m69903[0;39m [2m---[0;39m [2m[notification-service] [           main][0;39m [2m[0;39m[36mo.s.a.r.c.CachingConnectionFactory      [0;39m [2m:[0;39m Created new connection: rabbitConnectionFactory#5f8f1712:0/SimpleConnection@3cc2e3e [delegate=amqp://guest@127.0.0.1:5672/, localPort=64111]
[2m2026-05-28T17:19:53.240+05:30[0;39m [32m INFO[0;39m [35m69903[0;39m [2m---[0;39m [2m[notification-service] [           main][0;39m [2m[0;39m[36mc.e.n.NotificationServiceApplication    [0;39m [2m:[0;39m Started NotificationServiceApplication in 4.303 seconds (process running for 4.658)
[2m2026-05-28T17:20:22.874+05:30[0;39m [32m INFO[0;39m [35m69903[0;39m [2m---[0;39m [2m[notification-service] [freshExecutor-0][0;39m [2m[0;39m[36mcom.netflix.discovery.DiscoveryClient   [0;39m [2m:[0;39m Disable delta property : false
[2m2026-05-28T17:20:22.876+05:30[0;39m [32m INFO[0;39m [35m69903[0;39m [2m---[0;39m [2m[notification-service] [freshExecutor-0][0;39m [2m[0;39m[36mcom.netflix.discovery.DiscoveryClient   [0;39m [2m:[0;39m Single vip registry refresh property : null
[2m2026-05-28T17:20:22.877+05:30[0;39m [32m INFO[0;39m [35m69903[0;39m [2m---[0;39m [2m[notification-service] [freshExecutor-0][0;39m [2m[0;39m[36mcom.netflix.discovery.DiscoveryClient   [0;39m [2m:[0;39m Force full registry fetch : false
[2m2026-05-28T17:20:22.877+05:30[0;39m [32m INFO[0;39m [35m69903[0;39m [2m---[0;39m [2m[notification-service] [freshExecutor-0][0;39m [2m[0;39m[36mcom.netflix.discovery.DiscoveryClient   [0;39m [2m:[0;39m Application is null : false
[2m2026-05-28T17:20:22.877+05:30[0;39m [32m INFO[0;39m [35m69903[0;39m [2m---[0;39m [2m[notification-service] [freshExecutor-0][0;39m [2m[0;39m[36mcom.netflix.discovery.DiscoveryClient   [0;39m [2m:[0;39m Registered Applications size is zero : true
[2m2026-05-28T17:20:22.877+05:30[0;39m [32m INFO[0;39m [35m69903[0;39m [2m---[0;39m [2m[notification-service] [freshExecutor-0][0;39m [2m[0;39m[36mcom.netflix.discovery.DiscoveryClient   [0;39m [2m:[0;39m Application version is -1: false
[2m2026-05-28T17:20:22.877+05:30[0;39m [32m INFO[0;39m [35m69903[0;39m [2m---[0;39m [2m[notification-service] [freshExecutor-0][0;39m [2m[0;39m[36mcom.netflix.discovery.DiscoveryClient   [0;39m [2m:[0;39m Getting all instance registry info from the eureka server
[2m2026-05-28T17:20:22.948+05:30[0;39m [32m INFO[0;39m [35m69903[0;39m [2m---[0;39m [2m[notification-service] [freshExecutor-0][0;39m [2m[0;39m[36mcom.netflix.discovery.DiscoveryClient   [0;39m [2m:[0;39m The response status is 200
