[INFO] Scanning for projects...
[INFO] 
[INFO] -----------------------< com.ecom:user-service >------------------------
[INFO] Building user-service 0.0.1-SNAPSHOT
[INFO]   from pom.xml
[INFO] --------------------------------[ jar ]---------------------------------
[INFO] 
[INFO] >>> spring-boot:3.2.4:run (default-cli) > test-compile @ user-service >>>
[INFO] 
[INFO] --- resources:3.3.1:resources (default-resources) @ user-service ---
[INFO] Copying 1 resource from src/main/resources to target/classes
[INFO] Copying 0 resource from src/main/resources to target/classes
[INFO] 
[INFO] --- compiler:3.11.0:compile (default-compile) @ user-service ---
[INFO] Nothing to compile - all classes are up to date
[INFO] 
[INFO] --- resources:3.3.1:testResources (default-testResources) @ user-service ---
[INFO] skip non existing resourceDirectory /Users/aman/ecom-order-system/user-service/src/test/resources
[INFO] 
[INFO] --- compiler:3.11.0:testCompile (default-testCompile) @ user-service ---
[INFO] No sources to compile
[INFO] 
[INFO] <<< spring-boot:3.2.4:run (default-cli) < test-compile @ user-service <<<
[INFO] 
[INFO] 
[INFO] --- spring-boot:3.2.4:run (default-cli) @ user-service ---
[INFO] Attaching agents: []

  .   ____          _            __ _ _
 /\\ / ___'_ __ _ _(_)_ __  __ _ \ \ \ \
( ( )\___ | '_ | '_| | '_ \/ _` | \ \ \ \
 \\/  ___)| |_)| | | | | || (_| |  ) ) ) )
  '  |____| .__|_| |_|_| |_\__, | / / / /
 =========|_|==============|___/=/_/_/_/
[32m :: Spring Boot :: [39m              [2m (v3.2.4)[0;39m

[2m2026-05-22T17:29:12.921+05:30[0;39m [32m INFO[0;39m [35m2174[0;39m [2m---[0;39m [2m[user-service] [           main][0;39m [2m[0;39m[36mc.e.userservice.UserServiceApplication  [0;39m [2m:[0;39m Starting UserServiceApplication using Java 23.0.2 with PID 2174 (/Users/aman/ecom-order-system/user-service/target/classes started by aman in /Users/aman/ecom-order-system/user-service)
[2m2026-05-22T17:29:12.922+05:30[0;39m [32m INFO[0;39m [35m2174[0;39m [2m---[0;39m [2m[user-service] [           main][0;39m [2m[0;39m[36mc.e.userservice.UserServiceApplication  [0;39m [2m:[0;39m No active profile set, falling back to 1 default profile: "default"
[2m2026-05-22T17:29:13.788+05:30[0;39m [32m INFO[0;39m [35m2174[0;39m [2m---[0;39m [2m[user-service] [           main][0;39m [2m[0;39m[36m.s.d.r.c.RepositoryConfigurationDelegate[0;39m [2m:[0;39m Bootstrapping Spring Data JPA repositories in DEFAULT mode.
[2m2026-05-22T17:29:13.881+05:30[0;39m [32m INFO[0;39m [35m2174[0;39m [2m---[0;39m [2m[user-service] [           main][0;39m [2m[0;39m[36m.s.d.r.c.RepositoryConfigurationDelegate[0;39m [2m:[0;39m Finished Spring Data repository scanning in 87 ms. Found 1 JPA repository interface.
[2m2026-05-22T17:29:14.041+05:30[0;39m [32m INFO[0;39m [35m2174[0;39m [2m---[0;39m [2m[user-service] [           main][0;39m [2m[0;39m[36mo.s.cloud.context.scope.GenericScope    [0;39m [2m:[0;39m BeanFactory id=ef23fdd3-f877-373d-8122-86a7cdb6b8f8
[2m2026-05-22T17:29:14.273+05:30[0;39m [33m WARN[0;39m [35m2174[0;39m [2m---[0;39m [2m[user-service] [           main][0;39m [2m[0;39m[36mtrationDelegate$BeanPostProcessorChecker[0;39m [2m:[0;39m Bean 'org.springframework.cloud.client.loadbalancer.LoadBalancerAutoConfiguration$DeferringLoadBalancerInterceptorConfig' of type [org.springframework.cloud.client.loadbalancer.LoadBalancerAutoConfiguration$DeferringLoadBalancerInterceptorConfig] is not eligible for getting processed by all BeanPostProcessors (for example: not eligible for auto-proxying). The currently created BeanPostProcessor [lbRestClientPostProcessor] is declared through a non-static factory method on that class; consider declaring it as static instead.
[2m2026-05-22T17:29:14.275+05:30[0;39m [33m WARN[0;39m [35m2174[0;39m [2m---[0;39m [2m[user-service] [           main][0;39m [2m[0;39m[36mtrationDelegate$BeanPostProcessorChecker[0;39m [2m:[0;39m Bean 'deferringLoadBalancerInterceptor' of type [org.springframework.cloud.client.loadbalancer.DeferringLoadBalancerInterceptor] is not eligible for getting processed by all BeanPostProcessors (for example: not eligible for auto-proxying). Is this bean getting eagerly injected into a currently created BeanPostProcessor [lbRestClientPostProcessor]? Check the corresponding BeanPostProcessor declaration and its dependencies.
[2m2026-05-22T17:29:14.476+05:30[0;39m [32m INFO[0;39m [35m2174[0;39m [2m---[0;39m [2m[user-service] [           main][0;39m [2m[0;39m[36mo.s.b.w.embedded.tomcat.TomcatWebServer [0;39m [2m:[0;39m Tomcat initialized with port 8081 (http)
[2m2026-05-22T17:29:14.483+05:30[0;39m [32m INFO[0;39m [35m2174[0;39m [2m---[0;39m [2m[user-service] [           main][0;39m [2m[0;39m[36mo.apache.catalina.core.StandardService  [0;39m [2m:[0;39m Starting service [Tomcat]
[2m2026-05-22T17:29:14.483+05:30[0;39m [32m INFO[0;39m [35m2174[0;39m [2m---[0;39m [2m[user-service] [           main][0;39m [2m[0;39m[36mo.apache.catalina.core.StandardEngine   [0;39m [2m:[0;39m Starting Servlet engine: [Apache Tomcat/10.1.19]
[2m2026-05-22T17:29:14.519+05:30[0;39m [32m INFO[0;39m [35m2174[0;39m [2m---[0;39m [2m[user-service] [           main][0;39m [2m[0;39m[36mo.a.c.c.C.[Tomcat].[localhost].[/]      [0;39m [2m:[0;39m Initializing Spring embedded WebApplicationContext
[2m2026-05-22T17:29:14.520+05:30[0;39m [32m INFO[0;39m [35m2174[0;39m [2m---[0;39m [2m[user-service] [           main][0;39m [2m[0;39m[36mw.s.c.ServletWebServerApplicationContext[0;39m [2m:[0;39m Root WebApplicationContext: initialization completed in 1547 ms
[2m2026-05-22T17:29:14.746+05:30[0;39m [32m INFO[0;39m [35m2174[0;39m [2m---[0;39m [2m[user-service] [           main][0;39m [2m[0;39m[36mo.hibernate.jpa.internal.util.LogHelper [0;39m [2m:[0;39m HHH000204: Processing PersistenceUnitInfo [name: default]
[2m2026-05-22T17:29:14.789+05:30[0;39m [32m INFO[0;39m [35m2174[0;39m [2m---[0;39m [2m[user-service] [           main][0;39m [2m[0;39m[36morg.hibernate.Version                   [0;39m [2m:[0;39m HHH000412: Hibernate ORM core version 6.4.4.Final
[2m2026-05-22T17:29:14.810+05:30[0;39m [32m INFO[0;39m [35m2174[0;39m [2m---[0;39m [2m[user-service] [           main][0;39m [2m[0;39m[36mo.h.c.internal.RegionFactoryInitiator   [0;39m [2m:[0;39m HHH000026: Second-level cache disabled
[2m2026-05-22T17:29:14.955+05:30[0;39m [32m INFO[0;39m [35m2174[0;39m [2m---[0;39m [2m[user-service] [           main][0;39m [2m[0;39m[36mo.s.o.j.p.SpringPersistenceUnitInfo     [0;39m [2m:[0;39m No LoadTimeWeaver setup: ignoring JPA class transformer
[2m2026-05-22T17:29:14.971+05:30[0;39m [32m INFO[0;39m [35m2174[0;39m [2m---[0;39m [2m[user-service] [           main][0;39m [2m[0;39m[36mcom.zaxxer.hikari.HikariDataSource      [0;39m [2m:[0;39m HikariPool-1 - Starting...
[2m2026-05-22T17:29:15.109+05:30[0;39m [32m INFO[0;39m [35m2174[0;39m [2m---[0;39m [2m[user-service] [           main][0;39m [2m[0;39m[36mcom.zaxxer.hikari.pool.HikariPool       [0;39m [2m:[0;39m HikariPool-1 - Added connection com.mysql.cj.jdbc.ConnectionImpl@4ae6451d
[2m2026-05-22T17:29:15.110+05:30[0;39m [32m INFO[0;39m [35m2174[0;39m [2m---[0;39m [2m[user-service] [           main][0;39m [2m[0;39m[36mcom.zaxxer.hikari.HikariDataSource      [0;39m [2m:[0;39m HikariPool-1 - Start completed.
[2m2026-05-22T17:29:15.151+05:30[0;39m [33m WARN[0;39m [35m2174[0;39m [2m---[0;39m [2m[user-service] [           main][0;39m [2m[0;39m[36morg.hibernate.orm.deprecation           [0;39m [2m:[0;39m HHH90000025: MySQL8Dialect does not need to be specified explicitly using 'hibernate.dialect' (remove the property setting and it will be selected by default)
[2m2026-05-22T17:29:15.152+05:30[0;39m [33m WARN[0;39m [35m2174[0;39m [2m---[0;39m [2m[user-service] [           main][0;39m [2m[0;39m[36morg.hibernate.orm.deprecation           [0;39m [2m:[0;39m HHH90000026: MySQL8Dialect has been deprecated; use org.hibernate.dialect.MySQLDialect instead
[2m2026-05-22T17:29:15.674+05:30[0;39m [32m INFO[0;39m [35m2174[0;39m [2m---[0;39m [2m[user-service] [           main][0;39m [2m[0;39m[36mo.h.e.t.j.p.i.JtaPlatformInitiator      [0;39m [2m:[0;39m HHH000489: No JTA platform available (set 'hibernate.transaction.jta.platform' to enable JTA platform integration)
[2m2026-05-22T17:29:15.727+05:30[0;39m [32m INFO[0;39m [35m2174[0;39m [2m---[0;39m [2m[user-service] [           main][0;39m [2m[0;39m[36mj.LocalContainerEntityManagerFactoryBean[0;39m [2m:[0;39m Initialized JPA EntityManagerFactory for persistence unit 'default'
[2m2026-05-22T17:29:16.083+05:30[0;39m [33m WARN[0;39m [35m2174[0;39m [2m---[0;39m [2m[user-service] [           main][0;39m [2m[0;39m[36mJpaBaseConfiguration$JpaWebConfiguration[0;39m [2m:[0;39m spring.jpa.open-in-view is enabled by default. Therefore, database queries may be performed during view rendering. Explicitly configure spring.jpa.open-in-view to disable this warning
[2m2026-05-22T17:29:16.438+05:30[0;39m [32m INFO[0;39m [35m2174[0;39m [2m---[0;39m [2m[user-service] [           main][0;39m [2m[0;39m[36mo.s.b.a.e.web.EndpointLinksResolver     [0;39m [2m:[0;39m Exposing 2 endpoint(s) beneath base path '/actuator'
[2m2026-05-22T17:29:16.509+05:30[0;39m [32m INFO[0;39m [35m2174[0;39m [2m---[0;39m [2m[user-service] [           main][0;39m [2m[0;39m[36mo.s.s.web.DefaultSecurityFilterChain    [0;39m [2m:[0;39m Will secure any request with [org.springframework.security.web.session.DisableEncodeUrlFilter@7b4b6dca, org.springframework.security.web.context.request.async.WebAsyncManagerIntegrationFilter@3622c9f0, org.springframework.security.web.context.SecurityContextHolderFilter@76b9056d, org.springframework.security.web.header.HeaderWriterFilter@7c58c10f, org.springframework.web.filter.CorsFilter@99a89e9, org.springframework.security.web.authentication.logout.LogoutFilter@3dd22110, com.ecom.userservice.security.JwtAuthFilter@744c16fb, org.springframework.security.web.savedrequest.RequestCacheAwareFilter@20bc6f4d, org.springframework.security.web.servletapi.SecurityContextHolderAwareRequestFilter@57a259c1, org.springframework.security.web.authentication.AnonymousAuthenticationFilter@5baabba, org.springframework.security.web.session.SessionManagementFilter@2984edab, org.springframework.security.web.access.ExceptionTranslationFilter@52f8effb, org.springframework.security.web.access.intercept.AuthorizationFilter@4cb084b]
[2m2026-05-22T17:29:16.890+05:30[0;39m [32m INFO[0;39m [35m2174[0;39m [2m---[0;39m [2m[user-service] [           main][0;39m [2m[0;39m[36mDiscoveryClientOptionalArgsConfiguration[0;39m [2m:[0;39m Eureka HTTP Client uses RestTemplate.
[2m2026-05-22T17:29:16.926+05:30[0;39m [33m WARN[0;39m [35m2174[0;39m [2m---[0;39m [2m[user-service] [           main][0;39m [2m[0;39m[36miguration$LoadBalancerCaffeineWarnLogger[0;39m [2m:[0;39m Spring Cloud LoadBalancer is currently working with the default cache. While this cache implementation is useful for development and tests, it's recommended to use Caffeine cache in production.You can switch to using Caffeine cache, by adding it and org.springframework.cache.caffeine.CaffeineCacheManager to the classpath.
[2m2026-05-22T17:29:16.964+05:30[0;39m [32m INFO[0;39m [35m2174[0;39m [2m---[0;39m [2m[user-service] [           main][0;39m [2m[0;39m[36mo.s.c.n.eureka.InstanceInfoFactory      [0;39m [2m:[0;39m Setting initial instance status as: STARTING
[2m2026-05-22T17:29:17.015+05:30[0;39m [32m INFO[0;39m [35m2174[0;39m [2m---[0;39m [2m[user-service] [           main][0;39m [2m[0;39m[36mcom.netflix.discovery.DiscoveryClient   [0;39m [2m:[0;39m Initializing Eureka in region us-east-1
[2m2026-05-22T17:29:17.017+05:30[0;39m [32m INFO[0;39m [35m2174[0;39m [2m---[0;39m [2m[user-service] [           main][0;39m [2m[0;39m[36mc.n.d.s.r.aws.ConfigClusterResolver     [0;39m [2m:[0;39m Resolving eureka endpoints via configuration
[2m2026-05-22T17:29:17.028+05:30[0;39m [32m INFO[0;39m [35m2174[0;39m [2m---[0;39m [2m[user-service] [           main][0;39m [2m[0;39m[36mcom.netflix.discovery.DiscoveryClient   [0;39m [2m:[0;39m Disable delta property : false
[2m2026-05-22T17:29:17.028+05:30[0;39m [32m INFO[0;39m [35m2174[0;39m [2m---[0;39m [2m[user-service] [           main][0;39m [2m[0;39m[36mcom.netflix.discovery.DiscoveryClient   [0;39m [2m:[0;39m Single vip registry refresh property : null
[2m2026-05-22T17:29:17.028+05:30[0;39m [32m INFO[0;39m [35m2174[0;39m [2m---[0;39m [2m[user-service] [           main][0;39m [2m[0;39m[36mcom.netflix.discovery.DiscoveryClient   [0;39m [2m:[0;39m Force full registry fetch : false
[2m2026-05-22T17:29:17.028+05:30[0;39m [32m INFO[0;39m [35m2174[0;39m [2m---[0;39m [2m[user-service] [           main][0;39m [2m[0;39m[36mcom.netflix.discovery.DiscoveryClient   [0;39m [2m:[0;39m Application is null : false
[2m2026-05-22T17:29:17.028+05:30[0;39m [32m INFO[0;39m [35m2174[0;39m [2m---[0;39m [2m[user-service] [           main][0;39m [2m[0;39m[36mcom.netflix.discovery.DiscoveryClient   [0;39m [2m:[0;39m Registered Applications size is zero : true
[2m2026-05-22T17:29:17.028+05:30[0;39m [32m INFO[0;39m [35m2174[0;39m [2m---[0;39m [2m[user-service] [           main][0;39m [2m[0;39m[36mcom.netflix.discovery.DiscoveryClient   [0;39m [2m:[0;39m Application version is -1: true
[2m2026-05-22T17:29:17.028+05:30[0;39m [32m INFO[0;39m [35m2174[0;39m [2m---[0;39m [2m[user-service] [           main][0;39m [2m[0;39m[36mcom.netflix.discovery.DiscoveryClient   [0;39m [2m:[0;39m Getting all instance registry info from the eureka server
[2m2026-05-22T17:29:17.205+05:30[0;39m [32m INFO[0;39m [35m2174[0;39m [2m---[0;39m [2m[user-service] [           main][0;39m [2m[0;39m[36mcom.netflix.discovery.DiscoveryClient   [0;39m [2m:[0;39m The response status is 200
[2m2026-05-22T17:29:17.206+05:30[0;39m [32m INFO[0;39m [35m2174[0;39m [2m---[0;39m [2m[user-service] [           main][0;39m [2m[0;39m[36mcom.netflix.discovery.DiscoveryClient   [0;39m [2m:[0;39m Starting heartbeat executor: renew interval is: 30
[2m2026-05-22T17:29:17.208+05:30[0;39m [32m INFO[0;39m [35m2174[0;39m [2m---[0;39m [2m[user-service] [           main][0;39m [2m[0;39m[36mc.n.discovery.InstanceInfoReplicator    [0;39m [2m:[0;39m InstanceInfoReplicator onDemand update allowed rate per min is 4
[2m2026-05-22T17:29:17.210+05:30[0;39m [32m INFO[0;39m [35m2174[0;39m [2m---[0;39m [2m[user-service] [           main][0;39m [2m[0;39m[36mcom.netflix.discovery.DiscoveryClient   [0;39m [2m:[0;39m Discovery Client initialized at timestamp 1779451157209 with initial instances count: 0
[2m2026-05-22T17:29:17.215+05:30[0;39m [32m INFO[0;39m [35m2174[0;39m [2m---[0;39m [2m[user-service] [           main][0;39m [2m[0;39m[36mo.s.c.n.e.s.EurekaServiceRegistry       [0;39m [2m:[0;39m Registering application USER-SERVICE with eureka with status UP
[2m2026-05-22T17:29:17.215+05:30[0;39m [32m INFO[0;39m [35m2174[0;39m [2m---[0;39m [2m[user-service] [           main][0;39m [2m[0;39m[36mcom.netflix.discovery.DiscoveryClient   [0;39m [2m:[0;39m Saw local status change event StatusChangeEvent [timestamp=1779451157215, current=UP, previous=STARTING]
[2m2026-05-22T17:29:17.216+05:30[0;39m [32m INFO[0;39m [35m2174[0;39m [2m---[0;39m [2m[user-service] [nfoReplicator-0][0;39m [2m[0;39m[36mcom.netflix.discovery.DiscoveryClient   [0;39m [2m:[0;39m DiscoveryClient_USER-SERVICE/172.20.10.2:user-service:8081: registering service...
[2m2026-05-22T17:29:17.225+05:30[0;39m [32m INFO[0;39m [35m2174[0;39m [2m---[0;39m [2m[user-service] [           main][0;39m [2m[0;39m[36mo.s.b.w.embedded.tomcat.TomcatWebServer [0;39m [2m:[0;39m Tomcat started on port 8081 (http) with context path ''
[2m2026-05-22T17:29:17.226+05:30[0;39m [32m INFO[0;39m [35m2174[0;39m [2m---[0;39m [2m[user-service] [           main][0;39m [2m[0;39m[36m.s.c.n.e.s.EurekaAutoServiceRegistration[0;39m [2m:[0;39m Updating port to 8081
[2m2026-05-22T17:29:17.240+05:30[0;39m [32m INFO[0;39m [35m2174[0;39m [2m---[0;39m [2m[user-service] [           main][0;39m [2m[0;39m[36mc.e.userservice.UserServiceApplication  [0;39m [2m:[0;39m Started UserServiceApplication in 4.667 seconds (process running for 5.0)
[2m2026-05-22T17:29:17.241+05:30[0;39m [32m INFO[0;39m [35m2174[0;39m [2m---[0;39m [2m[user-service] [nfoReplicator-0][0;39m [2m[0;39m[36mcom.netflix.discovery.DiscoveryClient   [0;39m [2m:[0;39m DiscoveryClient_USER-SERVICE/172.20.10.2:user-service:8081 - registration status: 204
[2m2026-05-22T17:29:47.217+05:30[0;39m [32m INFO[0;39m [35m2174[0;39m [2m---[0;39m [2m[user-service] [freshExecutor-0][0;39m [2m[0;39m[36mcom.netflix.discovery.DiscoveryClient   [0;39m [2m:[0;39m Disable delta property : false
[2m2026-05-22T17:29:47.220+05:30[0;39m [32m INFO[0;39m [35m2174[0;39m [2m---[0;39m [2m[user-service] [freshExecutor-0][0;39m [2m[0;39m[36mcom.netflix.discovery.DiscoveryClient   [0;39m [2m:[0;39m Single vip registry refresh property : null
[2m2026-05-22T17:29:47.220+05:30[0;39m [32m INFO[0;39m [35m2174[0;39m [2m---[0;39m [2m[user-service] [freshExecutor-0][0;39m [2m[0;39m[36mcom.netflix.discovery.DiscoveryClient   [0;39m [2m:[0;39m Force full registry fetch : false
[2m2026-05-22T17:29:47.220+05:30[0;39m [32m INFO[0;39m [35m2174[0;39m [2m---[0;39m [2m[user-service] [freshExecutor-0][0;39m [2m[0;39m[36mcom.netflix.discovery.DiscoveryClient   [0;39m [2m:[0;39m Application is null : false
[2m2026-05-22T17:29:47.220+05:30[0;39m [32m INFO[0;39m [35m2174[0;39m [2m---[0;39m [2m[user-service] [freshExecutor-0][0;39m [2m[0;39m[36mcom.netflix.discovery.DiscoveryClient   [0;39m [2m:[0;39m Registered Applications size is zero : true
[2m2026-05-22T17:29:47.220+05:30[0;39m [32m INFO[0;39m [35m2174[0;39m [2m---[0;39m [2m[user-service] [freshExecutor-0][0;39m [2m[0;39m[36mcom.netflix.discovery.DiscoveryClient   [0;39m [2m:[0;39m Application version is -1: false
[2m2026-05-22T17:29:47.220+05:30[0;39m [32m INFO[0;39m [35m2174[0;39m [2m---[0;39m [2m[user-service] [freshExecutor-0][0;39m [2m[0;39m[36mcom.netflix.discovery.DiscoveryClient   [0;39m [2m:[0;39m Getting all instance registry info from the eureka server
[2m2026-05-22T17:29:47.267+05:30[0;39m [32m INFO[0;39m [35m2174[0;39m [2m---[0;39m [2m[user-service] [freshExecutor-0][0;39m [2m[0;39m[36mcom.netflix.discovery.DiscoveryClient   [0;39m [2m:[0;39m The response status is 200
[2m2026-05-22T17:34:17.028+05:30[0;39m [32m INFO[0;39m [35m2174[0;39m [2m---[0;39m [2m[user-service] [trap-executor-0][0;39m [2m[0;39m[36mc.n.d.s.r.aws.ConfigClusterResolver     [0;39m [2m:[0;39m Resolving eureka endpoints via configuration
[2m2026-05-22T18:12:38.561+05:30[0;39m [33m WARN[0;39m [35m2174[0;39m [2m---[0;39m [2m[user-service] [l-1 housekeeper][0;39m [2m[0;39m[36mcom.zaxxer.hikari.pool.HikariPool       [0;39m [2m:[0;39m HikariPool-1 - Thread starvation or clock leap detected (housekeeper delta=35m23s290ms).
[2m2026-05-22T18:16:27.734+05:30[0;39m [33m WARN[0;39m [35m2174[0;39m [2m---[0;39m [2m[user-service] [l-1 housekeeper][0;39m [2m[0;39m[36mcom.zaxxer.hikari.pool.HikariPool       [0;39m [2m:[0;39m HikariPool-1 - Thread starvation or clock leap detected (housekeeper delta=3m19s154ms).
[2m2026-05-22T18:16:59.465+05:30[0;39m [32m INFO[0;39m [35m2174[0;39m [2m---[0;39m [2m[user-service] [trap-executor-0][0;39m [2m[0;39m[36mc.n.d.s.r.aws.ConfigClusterResolver     [0;39m [2m:[0;39m Resolving eureka endpoints via configuration
[2m2026-05-22T18:21:59.463+05:30[0;39m [32m INFO[0;39m [35m2174[0;39m [2m---[0;39m [2m[user-service] [trap-executor-0][0;39m [2m[0;39m[36mc.n.d.s.r.aws.ConfigClusterResolver     [0;39m [2m:[0;39m Resolving eureka endpoints via configuration
[2m2026-05-22T18:26:59.460+05:30[0;39m [32m INFO[0;39m [35m2174[0;39m [2m---[0;39m [2m[user-service] [trap-executor-0][0;39m [2m[0;39m[36mc.n.d.s.r.aws.ConfigClusterResolver     [0;39m [2m:[0;39m Resolving eureka endpoints via configuration
[2m2026-05-22T18:31:59.465+05:30[0;39m [32m INFO[0;39m [35m2174[0;39m [2m---[0;39m [2m[user-service] [trap-executor-0][0;39m [2m[0;39m[36mc.n.d.s.r.aws.ConfigClusterResolver     [0;39m [2m:[0;39m Resolving eureka endpoints via configuration
[2m2026-05-22T18:36:59.462+05:30[0;39m [32m INFO[0;39m [35m2174[0;39m [2m---[0;39m [2m[user-service] [trap-executor-0][0;39m [2m[0;39m[36mc.n.d.s.r.aws.ConfigClusterResolver     [0;39m [2m:[0;39m Resolving eureka endpoints via configuration
[2m2026-05-22T18:41:59.455+05:30[0;39m [32m INFO[0;39m [35m2174[0;39m [2m---[0;39m [2m[user-service] [trap-executor-0][0;39m [2m[0;39m[36mc.n.d.s.r.aws.ConfigClusterResolver     [0;39m [2m:[0;39m Resolving eureka endpoints via configuration
[2m2026-05-22T18:46:59.455+05:30[0;39m [32m INFO[0;39m [35m2174[0;39m [2m---[0;39m [2m[user-service] [trap-executor-0][0;39m [2m[0;39m[36mc.n.d.s.r.aws.ConfigClusterResolver     [0;39m [2m:[0;39m Resolving eureka endpoints via configuration
[2m2026-05-22T18:51:59.460+05:30[0;39m [32m INFO[0;39m [35m2174[0;39m [2m---[0;39m [2m[user-service] [trap-executor-0][0;39m [2m[0;39m[36mc.n.d.s.r.aws.ConfigClusterResolver     [0;39m [2m:[0;39m Resolving eureka endpoints via configuration
[2m2026-05-22T18:56:59.458+05:30[0;39m [32m INFO[0;39m [35m2174[0;39m [2m---[0;39m [2m[user-service] [trap-executor-0][0;39m [2m[0;39m[36mc.n.d.s.r.aws.ConfigClusterResolver     [0;39m [2m:[0;39m Resolving eureka endpoints via configuration
[2m2026-05-22T19:01:59.471+05:30[0;39m [32m INFO[0;39m [35m2174[0;39m [2m---[0;39m [2m[user-service] [trap-executor-0][0;39m [2m[0;39m[36mc.n.d.s.r.aws.ConfigClusterResolver     [0;39m [2m:[0;39m Resolving eureka endpoints via configuration
[2m2026-05-22T19:06:59.472+05:30[0;39m [32m INFO[0;39m [35m2174[0;39m [2m---[0;39m [2m[user-service] [trap-executor-0][0;39m [2m[0;39m[36mc.n.d.s.r.aws.ConfigClusterResolver     [0;39m [2m:[0;39m Resolving eureka endpoints via configuration
[2m2026-05-22T19:11:59.473+05:30[0;39m [32m INFO[0;39m [35m2174[0;39m [2m---[0;39m [2m[user-service] [trap-executor-0][0;39m [2m[0;39m[36mc.n.d.s.r.aws.ConfigClusterResolver     [0;39m [2m:[0;39m Resolving eureka endpoints via configuration
[2m2026-05-22T19:16:59.469+05:30[0;39m [32m INFO[0;39m [35m2174[0;39m [2m---[0;39m [2m[user-service] [trap-executor-0][0;39m [2m[0;39m[36mc.n.d.s.r.aws.ConfigClusterResolver     [0;39m [2m:[0;39m Resolving eureka endpoints via configuration
[2m2026-05-22T19:21:59.469+05:30[0;39m [32m INFO[0;39m [35m2174[0;39m [2m---[0;39m [2m[user-service] [trap-executor-0][0;39m [2m[0;39m[36mc.n.d.s.r.aws.ConfigClusterResolver     [0;39m [2m:[0;39m Resolving eureka endpoints via configuration
[2m2026-05-22T19:26:59.464+05:30[0;39m [32m INFO[0;39m [35m2174[0;39m [2m---[0;39m [2m[user-service] [trap-executor-0][0;39m [2m[0;39m[36mc.n.d.s.r.aws.ConfigClusterResolver     [0;39m [2m:[0;39m Resolving eureka endpoints via configuration
[2m2026-05-22T19:31:59.467+05:30[0;39m [32m INFO[0;39m [35m2174[0;39m [2m---[0;39m [2m[user-service] [trap-executor-0][0;39m [2m[0;39m[36mc.n.d.s.r.aws.ConfigClusterResolver     [0;39m [2m:[0;39m Resolving eureka endpoints via configuration
[2m2026-05-22T19:36:59.465+05:30[0;39m [32m INFO[0;39m [35m2174[0;39m [2m---[0;39m [2m[user-service] [trap-executor-0][0;39m [2m[0;39m[36mc.n.d.s.r.aws.ConfigClusterResolver     [0;39m [2m:[0;39m Resolving eureka endpoints via configuration
[2m2026-05-22T19:41:59.463+05:30[0;39m [32m INFO[0;39m [35m2174[0;39m [2m---[0;39m [2m[user-service] [trap-executor-0][0;39m [2m[0;39m[36mc.n.d.s.r.aws.ConfigClusterResolver     [0;39m [2m:[0;39m Resolving eureka endpoints via configuration
[2m2026-05-22T19:46:59.464+05:30[0;39m [32m INFO[0;39m [35m2174[0;39m [2m---[0;39m [2m[user-service] [trap-executor-0][0;39m [2m[0;39m[36mc.n.d.s.r.aws.ConfigClusterResolver     [0;39m [2m:[0;39m Resolving eureka endpoints via configuration
[INFO] ------------------------------------------------------------------------
[INFO] BUILD FAILURE
[INFO] ------------------------------------------------------------------------
[INFO] Total time:  02:18 h
[INFO] Finished at: 2026-05-22T19:47:20+05:30
[INFO] ------------------------------------------------------------------------
[ERROR] Failed to execute goal org.springframework.boot:spring-boot-maven-plugin:3.2.4:run (default-cli) on project user-service: Process terminated with exit code: 137 -> [Help 1]
[ERROR] 
[ERROR] To see the full stack trace of the errors, re-run Maven with the -e switch.
[ERROR] Re-run Maven using the -X switch to enable full debug logging.
[ERROR] 
[ERROR] For more information about the errors and possible solutions, please read the following articles:
[ERROR] [Help 1] http://cwiki.apache.org/confluence/display/MAVEN/MojoExecutionException
